# mpirun -np 2 -ppn 1 apptainer exec --bind /home/lovelace/proj/proj1163/j215217/trab01 /home/lovelace/proj/proj1163/j215217/trab01/osu_mpich.sif osu_bw
INFO:    gocryptfs not found, will not be able to use gocryptfs
Attaching 267438 to 1023973.ada
INFO:    gocryptfs not found, will not be able to use gocryptfs

# OSU MPI Bandwidth Test v7.5.2
# Datatype: MPI_CHAR.
# Size      Bandwidth (MB/s)
1                       1.17
2                       2.34
4                       4.68
8                       9.35
16                     18.75
32                     37.52
64                     70.76
128                   133.67
256                   199.44
512                   381.71
1024                  740.50
2048                 1197.04
4096                 2190.34
8192                 5631.67
16384                5970.67
32768                9163.85
65536               11981.26
131072              12159.25
262144              12090.03
524288              12298.69
1048576             12286.06
2097152             12333.25
4194304             12337.33
# exit_code=0
