# mpirun -np 2 -ppn 1 apptainer exec --bind /home/lovelace/proj/proj1163/j215217/trab01 /home/lovelace/proj/proj1163/j215217/trab01/osu_mpich.sif osu_bw
Attaching 267228 to 1023973.ada
INFO:    gocryptfs not found, will not be able to use gocryptfs
INFO:    gocryptfs not found, will not be able to use gocryptfs

# OSU MPI Bandwidth Test v7.5.2
# Datatype: MPI_CHAR.
# Size      Bandwidth (MB/s)
1                       1.15
2                       2.30
4                       4.60
8                       9.17
16                     18.40
32                     36.93
64                     67.11
128                   134.06
256                   256.83
512                   492.84
1024                  950.44
2048                 1612.13
4096                 2837.66
8192                 5837.76
16384                5963.53
32768               10652.87
65536               10996.61
131072              11165.39
262144              11144.72
524288              11295.09
1048576             11321.06
2097152             11329.85
4194304             11322.13
# exit_code=0
