# mpirun -np 2 -ppn 1 osu_latency
Attaching 108861 to 1024041.ada

# OSU MPI Latency Test v7.5.2
# Datatype: MPI_CHAR.
# Size       Avg Latency(us)
1                      12.43
2                      12.12
4                      12.15
8                      12.19
16                     11.88
32                     11.75
64                     11.78
128                    11.81
256                    12.03
512                    14.14
1024                   14.42
2048                   18.05
4096                   15.98
8192                   18.40
16384                  23.68
32768                  34.48
65536                  68.34
131072                 85.47
262144                146.18
524288                307.70
1048576               520.56
2097152               938.12
4194304              1746.22
# exit_code=0
