# mpirun -np 2 -ppn 1 osu_bw
Attaching 108758 to 1024041.ada

# OSU MPI Bandwidth Test v7.5.2
# Datatype: MPI_CHAR.
# Size      Bandwidth (MB/s)
1                       0.34
2                       0.84
4                       1.56
8                       2.47
16                      8.39
32                     12.93
64                     21.46
128                    44.97
256                   129.83
512                   226.09
1024                  357.65
2048                  720.93
4096                 1306.32
8192                 1724.70
16384                1995.90
32768                2128.04
65536                2139.13
131072               2237.50
262144               2269.41
524288               2480.03
1048576              2725.88
2097152              2880.21
4194304              2876.12
# exit_code=0
