# mpirun -np 2 osu_latency

# OSU MPI Latency Test v7.5.2
# Datatype: MPI_CHAR.
# Size       Avg Latency(us)
1                       0.92
2                       0.92
4                       0.91
8                       0.88
16                      0.88
32                      0.89
64                      0.93
128                     0.98
256                     0.96
512                     0.97
1024                    1.01
2048                    1.05
4096                    1.15
8192                    1.34
16384                   2.29
32768                   3.30
65536                   5.53
131072                  9.19
262144                 16.60
524288                 28.29
1048576                49.42
2097152                97.78
4194304               394.49
# exit_code=0
