# mpirun -np 2 -ppn 1 osu_bw
Attaching 3128881 to 1024374.ada

# OSU MPI Bandwidth Test v7.5.2
# Datatype: MPI_CHAR.
# Size      Bandwidth (MB/s)
1                       2.29
2                       4.50
4                       9.15
8                      18.28
16                     36.46
32                     71.02
64                    122.48
128                   244.52
256                   467.96
512                   645.82
1024                 1272.69
2048                 2752.66
4096                 4782.90
8192                 7399.00
16384                7436.77
32768                7736.60
65536               12016.91
131072              12176.83
262144              12261.85
524288              12298.64
1048576             12323.75
2097152             12334.33
4194304             12339.42
# exit_code=0
