# mpirun -np 2 -ppn 1 osu_latency
Attaching 108813 to 1024041.ada

# OSU MPI Latency Test v7.5.2
# Datatype: MPI_CHAR.
# Size       Avg Latency(us)
1                      14.10
2                      14.11
4                      14.10
8                      13.76
16                     13.58
32                     13.63
64                     13.68
128                    13.87
256                    14.50
512                    14.19
1024                   14.47
2048                   33.12
4096                   18.79
8192                   30.84
16384                  27.66
32768                  37.59
65536                  73.44
131072                123.07
262144                168.50
524288                504.68
1048576               516.55
2097152               914.05
4194304              1731.30
# exit_code=0
