# mpirun -np 2 -ppn 1 apptainer exec --bind /home/lovelace/proj/proj1163/j215217/trab01 /home/lovelace/proj/proj1163/j215217/trab01/osu_mpich.sif osu_latency
INFO:    gocryptfs not found, will not be able to use gocryptfs
Attaching 110198 to 1024041.ada
INFO:    gocryptfs not found, will not be able to use gocryptfs

# OSU MPI Latency Test v7.5.2
# Datatype: MPI_CHAR.
# Size       Avg Latency(us)
1                       2.23
2                       2.21
4                       2.22
8                       2.21
16                      2.20
32                      2.30
64                      2.44
128                     2.47
256                     3.05
512                     3.18
1024                    3.67
2048                    3.94
4096                    4.70
8192                    5.22
16384                   6.69
32768                   9.95
65536                  12.63
131072                 17.91
262144                 28.44
524288                 49.59
1048576                92.96
2097152               178.44
4194304               349.50
# exit_code=0
