# mpirun -np 2 -ppn 1 osu_bw
Warning: Permanently added the ED25519 host key for IP address '172.26.0.78' to the list of known hosts.
Attaching 266934 to 1023973.ada

# OSU MPI Bandwidth Test v7.5.2
# Datatype: MPI_CHAR.
# Size      Bandwidth (MB/s)
1                       0.27
2                       0.57
4                       0.89
8                       2.10
16                      4.08
32                     10.58
64                     20.54
128                    46.31
256                    72.69
512                   181.80
1024                  302.77
2048                  405.64
4096                  932.35
8192                 1399.89
16384                1487.36
32768                2015.60
65536                2758.00
131072               2931.97
262144               2985.31
524288               2037.32
1048576              2179.63
2097152              2272.68
4194304              2318.68
# exit_code=0
