# mpirun -np 2 -ppn 1 osu_latency
Attaching 267083 to 1023973.ada

# OSU MPI Latency Test v7.5.2
# Datatype: MPI_CHAR.
# Size       Avg Latency(us)
1                      20.40
2                      19.82
4                      20.21
8                      20.21
16                     20.23
32                     20.19
64                     20.41
128                    20.82
256                    21.18
512                    21.87
1024                   21.98
2048                   23.90
4096                   27.19
8192                   31.33
16384                  42.04
32768                  72.09
65536                 119.36
131072                211.23
262144                369.73
524288                544.50
1048576               963.87
2097152              1824.30
4194304              3533.55
# exit_code=0
