# mpirun -np 2 -ppn 1 osu_latency
Attaching 267130 to 1023973.ada

# OSU MPI Latency Test v7.5.2
# Datatype: MPI_CHAR.
# Size       Avg Latency(us)
1                      19.56
2                      19.71
4                      19.87
8                      19.89
16                     19.91
32                     19.97
64                     19.98
128                    19.49
256                    20.08
512                    20.49
1024                   21.30
2048                   23.78
4096                   26.62
8192                   31.14
16384                  44.49
32768                  70.37
65536                 115.31
131072                217.97
262144                360.22
524288                540.56
1048576               957.27
2097152              1821.39
4194304              3520.53
# exit_code=0
