# mpirun -np 2 -ppn 1 osu_bw
Attaching 266987 to 1023973.ada

# OSU MPI Bandwidth Test v7.5.2
# Datatype: MPI_CHAR.
# Size      Bandwidth (MB/s)
1                       0.41
2                       0.88
4                       0.94
8                       2.53
16                      6.88
32                     12.09
64                     28.21
128                    44.99
256                   108.49
512                   161.34
1024                  286.89
2048                  438.04
4096                  950.72
8192                 1213.35
16384                1574.28
32768                2676.97
65536                2833.40
131072               3031.92
262144               3152.25
524288               2103.13
1048576              2217.28
2097152              2289.05
4194304              2322.90
# exit_code=0
