# mpirun -np 2 -ppn 1 osu_bw
Attaching 267036 to 1023973.ada

# OSU MPI Bandwidth Test v7.5.2
# Datatype: MPI_CHAR.
# Size      Bandwidth (MB/s)
1                       0.20
2                       0.49
4                       1.38
8                       2.62
16                      5.35
32                     10.06
64                     22.67
128                    46.06
256                    68.86
512                   111.78
1024                  232.89
2048                  373.92
4096                  828.26
8192                 1183.11
16384                1946.10
32768                2563.94
65536                2523.75
131072               2786.58
262144               2838.55
524288               2030.17
1048576              2147.97
2097152              2310.33
4194304              2417.08
# exit_code=0
