# mpirun -np 2 -ppn 1 osu_latency
Attaching 267181 to 1023973.ada

# OSU MPI Latency Test v7.5.2
# Datatype: MPI_CHAR.
# Size       Avg Latency(us)
1                      16.05
2                      15.71
4                      16.10
8                      16.10
16                     16.10
32                     16.11
64                     16.12
128                    16.14
256                    17.08
512                    17.03
1024                   17.38
2048                   22.92
4096                   21.40
8192                   24.30
16384                  41.84
32768                  74.78
65536                 108.01
131072                173.52
262144                275.08
524288                471.65
1048576               809.48
2097152              1472.18
4194304              2857.81
# exit_code=0
