# mpirun -np 2 -ppn 1 osu_latency
Attaching 3129819 to 1024374.ada

# OSU MPI Latency Test v7.5.2
# Datatype: MPI_CHAR.
# Size       Avg Latency(us)
1                       1.87
2                       1.86
4                       1.86
8                       1.85
16                      1.86
32                      1.95
64                      2.09
128                     2.12
256                     2.83
512                     2.93
1024                    3.12
2048                    3.35
4096                    3.97
8192                    4.20
16384                   5.64
32768                   8.06
65536                  11.61
131072                 16.90
262144                 27.52
524288                 49.06
1048576                91.86
2097152               176.96
4194304               347.45
# exit_code=0
