# mpirun -np 2 -ppn 1 osu_bw
Attaching 3129206 to 1024374.ada

# OSU MPI Bandwidth Test v7.5.2
# Datatype: MPI_CHAR.
# Size      Bandwidth (MB/s)
1                       2.28
2                       4.54
4                       9.17
8                      18.19
16                     35.95
32                     69.63
64                    119.67
128                   239.12
256                   462.05
512                   630.38
1024                 1258.51
2048                 2713.77
4096                 4731.98
8192                 7356.99
16384                7355.68
32768                7637.25
65536               12013.21
131072              12178.14
262144              12259.10
524288              12302.78
1048576             12321.66
2097152             12334.11
4194304             12338.33
# exit_code=0
